<area shape="rect" href="$lmer_8c.html#9843ab48eb3803207fead83796089087" title="Evaluate the sparse model matrix A from the Zt and ST slots." alt="" coords="123,31,205,57">
<area shape="rect" href="$lmer_8c.html#9952b57a4c6c75456d2465deb9e9ff91" title="Update the ST list of arrays and the sparse model matrix A." alt="" coords="256,5,344,32">
<area shape="rect" href="$lmer_8c.html#c91a1d6467c5dd44cbc4c785f643e315" title="Update the ST and A slots of an mer object." alt="" coords="253,56,347,83">
<area shape="rect" href="$lmer_8h.html#faf107495473068e7f439b17073d884e" title="Generate a Markov&#45;chain Monte Carlo sample from an mer object." alt="" coords="395,5,531,32">
<area shape="rect" href="$lmer_8h.html#a4e16de36d36af6c715d52a045f88e78" title="Optimize the profiled deviance of an lmer object or the Laplace approximation to..." alt="" coords="408,56,517,83">
<area shape="rect" href="$lmer_8h.html#96765a284e1652326a22d50f7d7538d4" title="Update the ST slot of an mer object from a REAL vector of parameters and update the..." alt="" coords="400,107,525,133">
