<area shape="rect" href="$lmer_8c.html#88236137756e85a656de3402adcf4747" title="Iterate to determine the conditional modes of the random effects." alt="" coords="169,107,249,133">
<area shape="rect" href="$lmer_8c.html#c6c092e8b91bd83d19519bdc69bf6801" title="Permute the vector src according to perm into dest." alt="" coords="300,5,396,32">
<area shape="rect" href="$lmer_8c.html#0a84fce1f01d522d8c5379001e23bc8c" title="Extract the slot named nm from the object obj and return a null pointer if the slot..." alt="" coords="447,107,588,133">
<area shape="rect" href="$lmer_8c.html#c96e3dd08e67f41338d9e84118925308" title="Return the sum of squares of the first n elements of x." alt="" coords="473,157,561,184">
<area shape="rect" href="$lmer_8c.html#2f257f628f06920b351486d48ab50026" title="Update the L, sqrtrWt and resid slots." alt="" coords="308,56,388,83">
<area shape="rect" href="$lmer_8c.html#da558f58458c36a96585a9c6e695a0b6" title="Update the eta, v, mu, resid and var slots according to the current values of the..." alt="" coords="301,208,395,235">
<area shape="rect" href="$lmer_8c.html#a85610eae75107b55d1069907486662f" title="Evaluate the derivative d mu/d eta for the GLM link function of type lTyp." alt="" coords="465,208,569,235">
<area shape="rect" href="$lmer_8c.html#a5f4cdbae42bcf865082dea1ebe09357" title="Evaluate the GLM variance function of type vTyp given mu." alt="" coords="463,259,572,285">
