<area shape="rect" href="$lmer_8h.html#7123d06a1ba23fcf7f83e2a54e2c8051" title="Update the eta, mu, resid and var slots in a sparseRasch object from the current..." alt="" coords="159,18,273,42">
<area shape="rect" href="$lmer_8c.html#da558f58458c36a96585a9c6e695a0b6" title="Update the eta, v, mu, resid and var slots according to the current values of the..." alt="" coords="173,90,259,114">
<area shape="rect" href="$lmer_8h.html#07450db2c100bd219a3d352a979e4e3f" title="Optimize the log&#45;likelihood for the sparse representation of a Rasch model." alt="" coords="331,6,429,30">
<area shape="rect" href="$lmer_8c.html#c62278f1b69b4f5e7096df5dd74308f6" title="Update the fixed effects and the orthogonal random effects in an MCMC sample from..." alt="" coords="327,54,433,78">
<area shape="rect" href="$lmer_8h.html#64740a858f90763461cbccea9c787b6b" title="Externally callable update_mu." alt="" coords="323,102,437,126">
<area shape="rect" href="$lmer_8c.html#88236137756e85a656de3402adcf4747" title="Iterate to determine the conditional modes of the random effects." alt="" coords="343,150,417,174">
<area shape="rect" href="$lmer_8h.html#faf107495473068e7f439b17073d884e" title="Generate a Markov&#45;chain Monte Carlo sample from an mer object." alt="" coords="485,66,608,90">
<area shape="rect" href="$lmer_8h.html#a4e16de36d36af6c715d52a045f88e78" title="Optimize the profiled deviance of an lmer object or the Laplace approximation to..." alt="" coords="497,126,596,150">
<area shape="rect" href="$lmer_8h.html#b72ec91b1f901b466f29a80bcc22e6c4" title="Externally callable update_u." alt="" coords="495,174,599,198">
