<area shape="rect" href="$lmer_8c.html#cd80168a07eca975c8af1329b94de0c5" title="Iterate to determine the conditional modes of the random effects." alt="" coords="357,31,453,57">
<area shape="rect" href="$lmer_8h.html#21adcf526681f1efd1ad0c4727ff4069" title="Update the contents of the fixef, ranef and uvec slots in an lmer object." alt="" coords="141,56,293,83">
<area shape="rect" href="$lmer_8c.html#da558f58458c36a96585a9c6e695a0b6" title="Update the eta, v, mu, resid and var slots according to the current values of the..." alt="" coords="171,107,264,133">
<area shape="rect" href="$lmer_8h.html#7b4a9cb54a6c94da474c094ed2bb777b" title="Externally callable version of cond_mode." alt="" coords="519,5,639,32">
<area shape="rect" href="$lmer_8h.html#a4e16de36d36af6c715d52a045f88e78" title="Optimize the profiled deviance of an lmer object or the Laplace approximation to..." alt="" coords="524,56,633,83">
<area shape="rect" href="$lmer_8h.html#64740a858f90763461cbccea9c787b6b" title="Externally callable update_mu." alt="" coords="341,107,469,133">
