<area shape="rect" href="$lmer_8c.html#c62278f1b69b4f5e7096df5dd74308f6" title="Update the fixed effects and the orthogonal random effects in an MCMC sample from..." alt="" coords="189,224,307,251">
<area shape="rect" href="$lmer_8c.html#0a84fce1f01d522d8c5379001e23bc8c" title="Extract the slot named nm from the object obj and return a null pointer if the slot..." alt="" coords="551,127,692,153">
<area shape="rect" href="$lmer_8c.html#2f257f628f06920b351486d48ab50026" title="Update the L, sqrtrWt and resid slots." alt="" coords="388,101,468,128">
<area shape="rect" href="$lmer_8c.html#5542c4de7dbcdbb6630cad8fabe96542" title="Update the contents of the ranef slot in an mer object." alt="" coords="375,355,481,381">
<area shape="rect" href="$lmer_8c.html#2c7f7874e2eb3f6c51c53c5873cffec4" title="Update the RZX and RX slots in an mer object." alt="" coords="383,304,473,331">
<area shape="rect" href="$lmer_8c.html#9952b57a4c6c75456d2465deb9e9ff91" title="Update the ST list of arrays and the sparse model matrix A." alt="" coords="204,456,292,483">
<area shape="rect" href="$lmer_8c.html#c91a1d6467c5dd44cbc4c785f643e315" title="Update the ST and A slots of an mer object." alt="" coords="201,557,295,584">
<area shape="rect" href="$lmer_8c.html#88236137756e85a656de3402adcf4747" title="Iterate to determine the conditional modes of the random effects." alt="" coords="208,167,288,193">
<area shape="rect" href="$lmer_8c.html#da558f58458c36a96585a9c6e695a0b6" title="Update the eta, v, mu, resid and var slots according to the current values of the..." alt="" coords="381,203,475,229">
<area shape="rect" href="$lmer_8c.html#a85610eae75107b55d1069907486662f" title="Evaluate the derivative d mu/d eta for the GLM link function of type lTyp." alt="" coords="569,228,673,255">
<area shape="rect" href="$lmer_8c.html#a5f4cdbae42bcf865082dea1ebe09357" title="Evaluate the GLM variance function of type vTyp given mu." alt="" coords="567,177,676,204">
<area shape="rect" href="$lmer_8c.html#c96e3dd08e67f41338d9e84118925308" title="Return the sum of squares of the first n elements of x." alt="" coords="577,279,665,305">
<area shape="rect" href="$lmer_8c.html#3a7fab2a88117d83971db12f53eaa91e" title="Populate the st, nc and nlev arrays." alt="" coords="576,507,667,533">
<area shape="rect" href="$lmer_8c.html#d562658adcecf9b4a01944b227be5915" title="Create PAX in dest." alt="" coords="581,329,661,356">
<area shape="rect" href="$lmer_8c.html#c6c092e8b91bd83d19519bdc69bf6801" title="Permute the vector src according to perm into dest." alt="" coords="743,152,839,179">
<area shape="rect" href="$lmer_8c.html#1979a46eb429191a16fa6fc467958072" title="Simulate the Cholesky factor of a standardized Wishart variate with dimension p and..." alt="" coords="355,456,501,483">
<area shape="rect" href="$lmer_8c.html#9843ab48eb3803207fead83796089087" title="Evaluate the sparse model matrix A from the Zt and ST slots." alt="" coords="387,557,469,584">
<area shape="rect" href="$lmer_8c.html#3f49a530ee30ef0d40ef8bc6d60c5963" title="Return the group in the (nf, Gp) combination to which ind belongs." alt="" coords="588,557,655,584">
