<area shape="rect" href="$lmer_8c.html#1cc173452bb3cf2499a76da5c53895c6" title="Evaluate the profiled deviance for a linear mixed model." alt="" coords="221,56,355,83">
<area shape="rect" href="$lmer_8c.html#45a4b3a297e1fea3755628b53d3be26b" title="dest = P *% S *% t(T) *% src for a single column" alt="" coords="403,5,539,32">
<area shape="rect" href="$lmer_8c.html#ff904c8d92fd93c839da5615d9d18240" title="Extract the slot named nm from the object obj and return a null pointer if the slot..." alt="" coords="588,56,729,83">
<area shape="rect" href="$lmer_8c.html#2f257f628f06920b351486d48ab50026" title="Update the A, L, sqrtWt and resid slots." alt="" coords="431,107,511,133">
<area shape="rect" href="$lmer_8c.html#3a7fab2a88117d83971db12f53eaa91e" title="Populate the st, nc and nlev arrays." alt="" coords="613,5,704,32">
<area shape="rect" href="$lmer_8c.html#76fcf475a3079f5068e463e2d9d32a51" title="Evaluate the logarithm of the square of the determinant of L (i.e." alt="" coords="604,107,713,133">
