<area shape="rect" href="$lmer_8c.html#c62278f1b69b4f5e7096df5dd74308f6" title="Update the fixed effects and the orthogonal random effects in an MCMC sample from..." alt="" coords="203,188,320,215">
<area shape="rect" href="$lmer_8c.html#2f257f628f06920b351486d48ab50026" title="Update the L, sqrtrWt and resid slots." alt="" coords="415,163,495,189">
<area shape="rect" href="$lmer_8c.html#5542c4de7dbcdbb6630cad8fabe96542" title="Update the contents of the ranef slot in an mer object." alt="" coords="401,264,508,291">
<area shape="rect" href="$lmer_8c.html#2c7f7874e2eb3f6c51c53c5873cffec4" title="Update the RZX and RX slots in an mer object." alt="" coords="409,213,500,240">
<area shape="rect" href="$lmer_8c.html#9952b57a4c6c75456d2465deb9e9ff91" title="Update the ST list of arrays and the sparse model matrix A." alt="" coords="217,391,305,417">
<area shape="rect" href="$lmer_8c.html#0a84fce1f01d522d8c5379001e23bc8c" title="Extract the slot named nm from the object obj and return a null pointer if the slot..." alt="" coords="191,340,332,367">
<area shape="rect" href="$lmer_8c.html#c91a1d6467c5dd44cbc4c785f643e315" title="Update the ST and A slots of an mer object." alt="" coords="215,467,308,493">
<area shape="rect" href="$lmer_8c.html#88236137756e85a656de3402adcf4747" title="Iterate to determine the conditional modes of the random effects." alt="" coords="221,87,301,113">
<area shape="rect" href="$lmer_8c.html#da558f58458c36a96585a9c6e695a0b6" title="Update the eta, v, mu, resid and var slots according to the current values of the..." alt="" coords="408,61,501,88">
<area shape="rect" href="$lmer_8c.html#c96e3dd08e67f41338d9e84118925308" title="Return the sum of squares of the first n elements of x." alt="" coords="588,163,676,189">
<area shape="rect" href="$lmer_8c.html#a85610eae75107b55d1069907486662f" title="Evaluate the derivative d mu/d eta for the GLM link function of type lTyp." alt="" coords="580,112,684,139">
<area shape="rect" href="$lmer_8c.html#a5f4cdbae42bcf865082dea1ebe09357" title="Evaluate the GLM variance function of type vTyp given mu." alt="" coords="577,61,687,88">
<area shape="rect" href="$lmer_8c.html#3a7fab2a88117d83971db12f53eaa91e" title="Populate the st, nc and nlev arrays." alt="" coords="587,416,677,443">
<area shape="rect" href="$lmer_8c.html#d562658adcecf9b4a01944b227be5915" title="Create PAX in dest." alt="" coords="592,213,672,240">
<area shape="rect" href="$lmer_8c.html#c6c092e8b91bd83d19519bdc69bf6801" title="Permute the vector src according to perm into dest." alt="" coords="737,112,833,139">
<area shape="rect" href="$lmer_8c.html#1979a46eb429191a16fa6fc467958072" title="Simulate the Cholesky factor of a standardized Wishart variate with dimension p and..." alt="" coords="381,365,528,392">
<area shape="rect" href="$lmer_8c.html#9843ab48eb3803207fead83796089087" title="Evaluate the sparse model matrix A from the Zt and ST slots." alt="" coords="413,467,496,493">
<area shape="rect" href="$lmer_8c.html#3f49a530ee30ef0d40ef8bc6d60c5963" title="Return the group in the (nf, Gp) combination to which ind belongs." alt="" coords="599,467,665,493">
