<area shape="rect" href="$lmer_8c.html#6149b2f05b11d97825a3f5e3c93ae3ed" title="Update the fixed effects and the orthogonal random effects in an MCMC sample from..." alt="" coords="388,75,505,101">
<area shape="rect" href="$lmer_8h.html#c33b16395fa975458685d0eb76996f92" title="Evaluate the discrepancy and log of the penalized discrepancy." alt="" coords="197,379,328,405">
<area shape="rect" href="$lmer_8h.html#07450db2c100bd219a3d352a979e4e3f" title="spR_optimize" alt="" coords="209,429,316,456">
<area shape="rect" href="$lmer_8h.html#7123d06a1ba23fcf7f83e2a54e2c8051" title="spR_update_mu" alt="" coords="200,480,325,507">
<area shape="rect" href="$lmer_8c.html#2f257f628f06920b351486d48ab50026" title="Update the A, L, sqrtrWt and resid slots." alt="" coords="223,227,303,253">
<area shape="rect" href="$lmer_8c.html#88236137756e85a656de3402adcf4747" title="Iterate to determine the conditional modes of the random effects." alt="" coords="407,328,487,355">
<area shape="rect" href="$lmer_8c.html#da558f58458c36a96585a9c6e695a0b6" title="Update the eta, v, mu, resid and var slots according to the current values of the..." alt="" coords="216,328,309,355">
<area shape="rect" href="$lmer_8c.html#5542c4de7dbcdbb6630cad8fabe96542" title="Update the contents of the ranef slot in an mer object." alt="" coords="209,24,316,51">
<area shape="rect" href="$lmer_8c.html#2c7f7874e2eb3f6c51c53c5873cffec4" title="Update the RCX and RX slots in an mer object." alt="" coords="217,164,308,191">
<area shape="rect" href="$lmer_8h.html#edec83b72f0c3437d9b10daf5120aa2b" title="Generate a Markov&#45;chain Monte Carlo sample from an mer object." alt="" coords="565,24,701,51">
<area shape="rect" href="$lmer_8h.html#a4e16de36d36af6c715d52a045f88e78" title="Optimize the profiled deviance of an lmer object or the Laplace approximation to..." alt="" coords="579,227,688,253">
<area shape="rect" href="$lmer_8h.html#f61a89a1f6aa003a5ae87d08cb8c9af7" title="Externally callable update_L." alt="" coords="389,277,504,304">
<area shape="rect" href="$lmer_8h.html#b72ec91b1f901b466f29a80bcc22e6c4" title="Externally callable update_u." alt="" coords="576,328,691,355">
<area shape="rect" href="$lmer_8h.html#64740a858f90763461cbccea9c787b6b" title="Externally callable update_mu." alt="" coords="383,379,511,405">
<area shape="rect" href="$lmer_8h.html#bc080c9abeb9965118c6d114d6df1cb3" title="Externally callable update_ranef." alt="" coords="376,24,517,51">
<area shape="rect" href="$lmer_8h.html#6c02b5f73d659d2d748852fac7e9c462" title="Externally callable update_RX." alt="" coords="385,125,508,152">
