<area shape="rect" href="$lmer_8c.html#9952b57a4c6c75456d2465deb9e9ff91" title="Update the ST list of arrays and the sparse model matrix A." alt="" coords="349,140,437,167">
<area shape="rect" href="$lmer_8h.html#79178d4c0ab3956a7f5d5ac93416759a" title="Extract the posterior variances of the random effects in an mer object." alt="" coords="159,39,263,65">
<area shape="rect" href="$lmer_8h.html#8559f52eaa24d57b05ded03099dbe157" title="Evaluate starting estimates for the elements of ST." alt="" coords="148,89,273,116">
<area shape="rect" href="$lmer_8c.html#c91a1d6467c5dd44cbc4c785f643e315" title="Update the ST and A slots of an mer object." alt="" coords="347,89,440,116">
<area shape="rect" href="$lmer_8c.html#9843ab48eb3803207fead83796089087" title="Evaluate the sparse model matrix A from the Zt and ST slots." alt="" coords="169,140,252,167">
<area shape="rect" href="$lmer_8c.html#5542c4de7dbcdbb6630cad8fabe96542" title="Update the contents of the ranef slot in an mer object." alt="" coords="157,241,264,268">
<area shape="rect" href="$lmer_8h.html#faf107495473068e7f439b17073d884e" title="Generate a Markov&#45;chain Monte Carlo sample from an mer object." alt="" coords="512,165,648,192">
<area shape="rect" href="$lmer_8h.html#a4e16de36d36af6c715d52a045f88e78" title="Optimize the profiled deviance of an lmer object or the Laplace approximation to..." alt="" coords="525,115,635,141">
<area shape="rect" href="$lmer_8h.html#96765a284e1652326a22d50f7d7538d4" title="Update the ST slot of an mer object from a REAL vector of parameters and update the..." alt="" coords="517,64,643,91">
<area shape="rect" href="$lmer_8c.html#c62278f1b69b4f5e7096df5dd74308f6" title="Update the fixed effects and the orthogonal random effects in an MCMC sample from..." alt="" coords="335,191,452,217">
<area shape="rect" href="$lmer_8h.html#bc080c9abeb9965118c6d114d6df1cb3" title="Externally callable update_ranef." alt="" coords="323,241,464,268">
