<area shape="rect" href="$lmer_8c.html#6149b2f05b11d97825a3f5e3c93ae3ed" title="Update the fixed effects and the orthogonal random effects in an MCMC sample from..." alt="" coords="195,80,312,107">
<area shape="rect" href="$lmer_8c.html#c8a525d9fe2317c0b658051821bdc754" title="Generate a new value of sigma, the common scale parameter, for an mer object." alt="" coords="197,232,309,259">
<area shape="rect" href="$lmer_8c.html#ef128b4cee2e476298b3b4388d8a2097" title="MCMC_ST" alt="" coords="209,181,297,208">
<area shape="rect" href="$lmer_8c.html#1f6b9123d7b4dcbe24cc9085e5f4069a" title="Extract the parameters from the ST slot of an mer object." alt="" coords="189,283,317,309">
<area shape="rect" href="$lmer_8c.html#96765a284e1652326a22d50f7d7538d4" title="Update the ST slot of an mer object from a REAL vector of parameters and update the..." alt="" coords="191,333,316,360">
<area shape="rect" href="$lmer_8c.html#5542c4de7dbcdbb6630cad8fabe96542" title="Update the contents of the ranef slot in an mer object." alt="" coords="200,131,307,157">
<area shape="rect" href="$lmer_8c.html#0a84fce1f01d522d8c5379001e23bc8c" title="Extract the slot named nm from the object obj and return a null pointer if the slot..." alt="" coords="561,29,703,56">
<area shape="rect" href="$lmer_8c.html#2c7f7874e2eb3f6c51c53c5873cffec4" title="Update the RCX and RX slots in an mer object." alt="" coords="393,80,484,107">
<area shape="rect" href="$lmer_8c.html#d562658adcecf9b4a01944b227be5915" title="Create PAX in dest." alt="" coords="592,80,672,107">
<area shape="rect" href="$lmer_8c.html#c96e3dd08e67f41338d9e84118925308" title="Return the sum of squares of the first n elements of x." alt="" coords="588,131,676,157">
<area shape="rect" href="$lmer_8c.html#c6c092e8b91bd83d19519bdc69bf6801" title="Permute the vector src according to perm into dest." alt="" coords="753,80,849,107">
<area shape="rect" href="$lmer_8c.html#24e3fc6b91cae668ea046c4b5e5ff9ed" title="safe_pd_matrix" alt="" coords="379,283,499,309">
<area shape="rect" href="$lmer_8c.html#3a7fab2a88117d83971db12f53eaa91e" title="Populate the st, nc and nlev arrays." alt="" coords="393,181,484,208">
<area shape="rect" href="$lmer_8c.html#9812644aac7804e273e0a48e138eb9f9" title="Simulate the Cholesky factor of a standardized Wishart variate with dimension p and..." alt="" coords="365,232,512,259">
