<area shape="rect" href="$lmer_8c.html#2f257f628f06920b351486d48ab50026" title="Update the A, L, sqrtWt and resid slots." alt="" coords="167,56,247,83">
<area shape="rect" href="$lmer_8h.html#f61a89a1f6aa003a5ae87d08cb8c9af7" title="Externally callable version of update_L." alt="" coords="296,5,411,32">
<area shape="rect" href="$lmer_8c.html#2c7f7874e2eb3f6c51c53c5873cffec4" title="Update the RCX and RX slots in an mer object." alt="" coords="308,56,399,83">
<area shape="rect" href="$lmer_8c.html#88236137756e85a656de3402adcf4747" title="Iterate to determine the conditional modes of the random effects." alt="" coords="313,107,393,133">
<area shape="rect" href="$lmer_8h.html#a4e16de36d36af6c715d52a045f88e78" title="Optimize the profiled deviance of an lmer object or the Laplace approximation to..." alt="" coords="467,81,576,108">
<area shape="rect" href="$lmer_8h.html#6c02b5f73d659d2d748852fac7e9c462" title="Externally callable version of update_RX." alt="" coords="460,31,583,57">
<area shape="rect" href="$lmer_8h.html#b72ec91b1f901b466f29a80bcc22e6c4" title="Externally callable version of update_u." alt="" coords="464,132,579,159">
