<area shape="rect" href="$lmer_8c.html#2f257f628f06920b351486d48ab50026" title="Update the A, L, sqrtWt and resid slots." alt="" coords="167,56,247,83">
<area shape="rect" href="$lmer_8c.html#cd80168a07eca975c8af1329b94de0c5" title="Iterate to determine the conditional modes of the random effects." alt="" coords="315,5,411,32">
<area shape="rect" href="$lmer_8h.html#f61a89a1f6aa003a5ae87d08cb8c9af7" title="Externally callable version of update_L." alt="" coords="305,56,420,83">
<area shape="rect" href="$lmer_8c.html#1cc173452bb3cf2499a76da5c53895c6" title="Evaluate the profiled deviance for a linear mixed model." alt="" coords="296,107,429,133">
<area shape="rect" href="$lmer_8h.html#7b4a9cb54a6c94da474c094ed2bb777b" title="Externally callable version of cond_mode." alt="" coords="501,5,621,32">
<area shape="rect" href="$lmer_8h.html#a4e16de36d36af6c715d52a045f88e78" title="Optimize the profiled deviance of an lmer object or the Laplace approximation to..." alt="" coords="507,56,616,83">
<area shape="rect" href="$lmer_8h.html#0bf081ef41ca11a0ecd7bd5599160f10" title="Externally callable version of profiled_deviance." alt="" coords="479,107,644,133">
