<area shape="rect" href="$lmer_8c.html#88236137756e85a656de3402adcf4747" title="Iterate to determine the conditional modes of the random effects." alt="" coords="157,80,232,104">
<area shape="rect" href="$lmer_8c.html#c6c092e8b91bd83d19519bdc69bf6801" title="Permute the vector src according to perm into dest." alt="" coords="280,5,368,29">
<area shape="rect" href="$lmer_8c.html#c96e3dd08e67f41338d9e84118925308" title="Return the sum of squares of the first n elements of x." alt="" coords="428,104,508,128">
<area shape="rect" href="$lmer_8c.html#2f257f628f06920b351486d48ab50026" title="Update the L, sqrtrWt and resid slots." alt="" coords="287,104,361,128">
<area shape="rect" href="$lmer_8c.html#da558f58458c36a96585a9c6e695a0b6" title="Update the eta, v, mu, resid and var slots according to the current values of the..." alt="" coords="281,152,367,176">
<area shape="rect" href="$lmer_8c.html#a85610eae75107b55d1069907486662f" title="Evaluate the derivative d mu/d eta for the GLM link function of type lTyp." alt="" coords="421,152,515,176">
<area shape="rect" href="$lmer_8c.html#a5f4cdbae42bcf865082dea1ebe09357" title="Evaluate the GLM variance function of type vTyp given mu." alt="" coords="416,200,520,224">
