<area shape="rect" href="$lmer_8c.html#a33caba85a1abc2725cf3a0fab3008a2" title="Determine the index in theta_S corresponding to index i in the u vector." alt="" coords="219,5,309,29">
<area shape="rect" href="$lmer_8c.html#3c8d2696fe29e3199ff03e2194afd004" title="Multiply A on the left by T&#39;." alt="" coords="119,55,169,79">
<area shape="rect" href="$lmer_8c.html#9843ab48eb3803207fead83796089087" title="Evaluate the sparse model matrix A from the Zt and ST slots." alt="" coords="227,104,301,128">
<area shape="rect" href="$lmer_8c.html#afe58def10558f89ca260e39a136b593" title="Update the theta_S parameters from the ST arrays in place." alt="" coords="364,55,441,79">
<area shape="rect" href="$lmer_8h.html#faf107495473068e7f439b17073d884e" title="Generate a Markov&#45;chain Monte Carlo sample from an mer object." alt="" coords="496,55,619,79">
<area shape="rect" href="$lmer_8c.html#c91a1d6467c5dd44cbc4c785f643e315" title="Update the ST and A slots of an mer object." alt="" coords="357,104,448,128">
<area shape="rect" href="$lmer_8h.html#a4e16de36d36af6c715d52a045f88e78" title="Optimize the profiled deviance of an lmer object or the Laplace approximation to..." alt="" coords="508,103,607,127">
<area shape="rect" href="$lmer_8h.html#96765a284e1652326a22d50f7d7538d4" title="Update the ST slot of an mer object from a REAL vector of parameters and update the..." alt="" coords="497,151,617,175">
