<area shape="rect" href="$lmer_8c.html#c62278f1b69b4f5e7096df5dd74308f6" title="Update the fixed effects and the orthogonal random effects in an MCMC sample from..." alt="" coords="388,259,505,285">
<area shape="rect" href="$lmer_8h.html#faf107495473068e7f439b17073d884e" title="Generate a Markov&#45;chain Monte Carlo sample from an mer object." alt="" coords="565,309,701,336">
<area shape="rect" href="$lmer_8h.html#c33b16395fa975458685d0eb76996f92" title="Evaluate the discrepancy and log of the penalized discrepancy." alt="" coords="197,107,328,133">
<area shape="rect" href="$lmer_8h.html#07450db2c100bd219a3d352a979e4e3f" title="Optimize the log&#45;likelihood for the sparse representation of a Rasch model." alt="" coords="209,157,316,184">
<area shape="rect" href="$lmer_8h.html#7123d06a1ba23fcf7f83e2a54e2c8051" title="Update the eta, mu, resid and var slots in a sparseRasch object from the current..." alt="" coords="200,208,325,235">
<area shape="rect" href="$lmer_8c.html#2f257f628f06920b351486d48ab50026" title="Update the L, sqrtrWt and resid slots." alt="" coords="223,5,303,32">
<area shape="rect" href="$lmer_8c.html#88236137756e85a656de3402adcf4747" title="Iterate to determine the conditional modes of the random effects." alt="" coords="407,107,487,133">
<area shape="rect" href="$lmer_8c.html#da558f58458c36a96585a9c6e695a0b6" title="Update the eta, v, mu, resid and var slots according to the current values of the..." alt="" coords="216,259,309,285">
<area shape="rect" href="$lmer_8c.html#5542c4de7dbcdbb6630cad8fabe96542" title="Update the contents of the ranef slot in an mer object." alt="" coords="209,360,316,387">
<area shape="rect" href="$lmer_8c.html#2c7f7874e2eb3f6c51c53c5873cffec4" title="Update the RZX and RX slots in an mer object." alt="" coords="217,411,308,437">
<area shape="rect" href="$lmer_8h.html#a4e16de36d36af6c715d52a045f88e78" title="Optimize the profiled deviance of an lmer object or the Laplace approximation to..." alt="" coords="579,132,688,159">
<area shape="rect" href="$lmer_8h.html#f61a89a1f6aa003a5ae87d08cb8c9af7" title="Externally callable update_L." alt="" coords="389,56,504,83">
<area shape="rect" href="$lmer_8h.html#b72ec91b1f901b466f29a80bcc22e6c4" title="Externally callable update_u." alt="" coords="576,81,691,108">
<area shape="rect" href="$lmer_8h.html#64740a858f90763461cbccea9c787b6b" title="Externally callable update_mu." alt="" coords="383,208,511,235">
<area shape="rect" href="$lmer_8h.html#bc080c9abeb9965118c6d114d6df1cb3" title="Externally callable update_ranef." alt="" coords="376,309,517,336">
<area shape="rect" href="$lmer_8h.html#6c02b5f73d659d2d748852fac7e9c462" title="Externally callable update_RX." alt="" coords="385,461,508,488">
