<area shape="rect" href="$lmer_8c.html#c33b16395fa975458685d0eb76996f92" title="Evaluate the discrepancy and log of the penalized discrepancy." alt="" coords="163,5,293,32">
<area shape="rect" href="$lmer_8c.html#1d1cc0c037f6827ce66c5aa1db650224" title="Extract the parameters from ST list." alt="" coords="181,56,275,83">
<area shape="rect" href="$lmer_8c.html#c91a1d6467c5dd44cbc4c785f643e315" title="Update the ST and C slots of an mer object." alt="" coords="181,107,275,133">
<area shape="rect" href="$lmer_8c.html#2f257f628f06920b351486d48ab50026" title="Update the A, L, sqrtrWt and resid slots." alt="" coords="349,157,429,184">
<area shape="rect" href="$lmer_8c.html#2c7f7874e2eb3f6c51c53c5873cffec4" title="Update the RCX and RX slots in an mer object." alt="" coords="183,385,273,412">
<area shape="rect" href="$lmer_8c.html#88236137756e85a656de3402adcf4747" title="Iterate to determine the conditional modes of the random effects." alt="" coords="188,233,268,260">
<area shape="rect" href="$lmer_8c.html#3f49a530ee30ef0d40ef8bc6d60c5963" title="Return the group in the (nf, Gp) combination to which ind belongs." alt="" coords="356,56,423,83">
<area shape="rect" href="$lmer_8c.html#3a7fab2a88117d83971db12f53eaa91e" title="Populate the st, nc and nlev arrays." alt="" coords="344,107,435,133">
<area shape="rect" href="$lmer_8c.html#0a84fce1f01d522d8c5379001e23bc8c" title="Extract the slot named nm from the object obj and return a null pointer if the slot..." alt="" coords="487,233,628,260">
<area shape="rect" href="$lmer_8c.html#d562658adcecf9b4a01944b227be5915" title="Create PAX in dest." alt="" coords="349,512,429,539">
<area shape="rect" href="$lmer_8c.html#c96e3dd08e67f41338d9e84118925308" title="Return the sum of squares of the first n elements of x." alt="" coords="513,360,601,387">
<area shape="rect" href="$lmer_8c.html#c6c092e8b91bd83d19519bdc69bf6801" title="Permute the vector src according to perm into dest." alt="" coords="509,461,605,488">
<area shape="rect" href="$lmer_8c.html#da558f58458c36a96585a9c6e695a0b6" title="Update the eta, v, mu, resid and var slots according to the current values of the..." alt="" coords="343,259,436,285">
